192.168.57.151 - - [28/Sep/2011:09:48:41 +0900] "GET /gakunai/keijiban/haikei_2010.gif HTTP/1.1" 404 386 "http://www.riec.tohoku.ac.jp/gakunai/keijiban/base3.html" "Mozilla/4.0 (compatible; MSIE 6.0; Windows NT 5.1; SV1; YTB720; .NET CLR 1.1.4322; .NET CLR 2.0.50727)"
192.168.57.152 - - [28/Sep/2011:09:48:41 +0900] "GET /gakunai/keijiban/base3.html HTTP/1.1" 304 - "-" "Mozilla/4.0 (compatible; MSIE 6.0; Windows NT 5.1; SV1; YTB720; .NET CLR 1.1.4322; .NET CLR 2.0.50727)"
192.168.57.152 - - [28/Sep/2011:09:48:41 +0900] "GET /gakunai/keijiban/img/bunya1_2010.jpg HTTP/1.1" 304 - "http://www.riec.tohoku.ac.jp/gakunai/keijiban/base3.html" "Mozilla/4.0 (compatible; MSIE 6.0; Windows NT 5.1; SV1; YTB720; .NET CLR 1.1.4322; .NET CLR 2.0.50727)"
192.168.57.152 - - [28/Sep/2011:09:48:41 +0900] "GET /gakunai/keijiban/img/bunya2_2010.jpg HTTP/1.1" 304 - "http://www.riec.tohoku.ac.jp/gakunai/keijiban/base3.html" "Mozilla/4.0 (compatible; MSIE 6.0; Windows NT 5.1; SV1; YTB720; .NET CLR 1.1.4322; .NET CLR 2.0.50727)"
192.168.57.152 - - [28/Sep/2011:09:48:41 +0900] "GET /gakunai/keijiban/haikei_2010.gif HTTP/1.1" 404 386 "http://www.riec.tohoku.ac.jp/gakunai/keijiban/base3.html" "Mozilla/4.0 (compatible; MSIE 6.0; Windows NT 5.1; SV1; YTB720; .NET CLR 1.1.4322; .NET CLR 2.0.50727)"
192.168.57.153 - - [28/Sep/2011:09:48:42 +0900] "GET /gakunai/keijiban/base3.html HTTP/1.1" 304 - "-" "Mozilla/4.0 (compatible; MSIE 6.0; Windows NT 5.1; SV1; YTB720; .NET CLR 1.1.4322; .NET CLR 2.0.50727)"
192.168.57.153 - - [28/Sep/2011:09:48:42 +0900] "GET /gakunai/keijiban/img/bunya1_2010.jpg HTTP/1.1" 304 - "http://www.riec.tohoku.ac.jp/gakunai/keijiban/base3.html" "Mozilla/4.0 (compatible; MSIE 6.0; Windows NT 5.1; SV1; YTB720; .NET CLR 1.1.4322; .NET CLR 2.0.50727)"
192.168.57.153 - - [28/Sep/2011:09:48:42 +0900] "GET /gakunai/keijiban/img/bunya2_2010.jpg HTTP/1.1" 304 - "http://www.riec.tohoku.ac.jp/gakunai/keijiban/base3.html" "Mozilla/4.0 (compatible; MSIE 6.0; Windows NT 5.1; SV1; YTB720; .NET CLR 1.1.4322; .NET CLR 2.0.50727)"
192.168.57.153 - - [28/Sep/2011:09:48:42 +0900] "GET /gakunai/keijiban/haikei_2010.gif HTTP/1.1" 404 386 "http://www.riec.tohoku.ac.jp/gakunai/keijiban/base3.html" "Mozilla/4.0 (compatible; MSIE 6.0; Windows NT 5.1; SV1; YTB720; .NET CLR 1.1.4322; .NET CLR 2.0.50727)"
172.20.0.66 - - [28/Sep/2011:09:48:48 +0900] "GET /lab/yasaka/map1_2010-e.jpg HTTP/1.1" 200 156747 "http://www.riec.tohoku.ac.jp/lab/yasaka/index-e.html" "Mozilla/4.0 (compatible; MSIE 7.0; Windows NT 6.0; Trident/4.0; GTB6; SLCC1; .NET CLR 2.0.50727; .NET CLR 3.5.30729; .NET CLR 3.0.30729)"
172.20.0.66 - - [28/Sep/2011:09:48:50 +0900] "GET /lab/yasaka/map2_2011.jpg HTTP/1.1" 200 27927 "http://www.riec.tohoku.ac.jp/lab/yasaka/index-e.html" "Mozilla/4.0 (compatible; MSIE 7.0; Windows NT 6.0; Trident/4.0; GTB6; SLCC1; .NET CLR 2.0.50727; .NET CLR 3.5.30729; .NET CLR 3.0.30729)"
172.16.100.76 - - [28/Sep/2011:09:48:51 +0900] "OPTIONS * HTTP/1.0" 200 - "-" "Apache/2.2.12 (Unix) mod_ssl/2.2.12 OpenSSL/0.9.8r DAV/2 PHP/5.2.9 Phusion_Passenger/2.2.15 (internal dummy connection)"
172.20.0.66 - - [28/Sep/2011:09:48:52 +0900] "GET /lab/yasaka/map3_2011.jpg HTTP/1.1" 200 97187 "http://www.riec.tohoku.ac.jp/lab/yasaka/index-e.html" "Mozilla/4.0 (compatible; MSIE 7.0; Windows NT 6.0; Trident/4.0; GTB6; SLCC1; .NET CLR 2.0.50727; .NET CLR 3.5.30729; .NET CLR 3.0.30729)"
172.16.100.76 - - [28/Sep/2011:09:48:54 +0900] "OPTIONS * HTTP/1.0" 200 - "-" "Apache/2.2.12 (Unix) mod_ssl/2.2.12 OpenSSL/0.9.8r DAV/2 PHP/5.2.9 Phusion_Passenger/2.2.15 (internal dummy connection)"
172.16.100.76 - - [28/Sep/2011:09:48:55 +0900] "OPTIONS * HTTP/1.0" 200 - "-" "Apache/2.2.12 (Unix) mod_ssl/2.2.12 OpenSSL/0.9.8r DAV/2 PHP/5.2.9 Phusion_Passenger/2.2.15 (internal dummy connection)"
192.168.57.151 - - [28/Sep/2011:09:48:56 +0900] "GET /gakunai/keijiban/event.html HTTP/1.1" 304 - "-" "Mozilla/4.0 (compatible; MSIE 6.0; Windows NT 5.1; SV1; YTB720; .NET CLR 1.1.4322; .NET CLR 2.0.50727)"
172.16.100.76 - - [28/Sep/2011:09:48:56 +0900] "OPTIONS * HTTP/1.0" 200 - "-" "Apache/2.2.12 (Unix) mod_ssl/2.2.12 OpenSSL/0.9.8r DAV/2 PHP/5.2.9 Phusion_Passenger/2.2.15 (internal dummy connection)"
192.168.57.152 - - [28/Sep/2011:09:48:56 +0900] "GET /gakunai/keijiban/event.html HTTP/1.1" 304 - "-" "Mozilla/4.0 (compatible; MSIE 6.0; Windows NT 5.1; SV1; YTB720; .NET CLR 1.1.4322; .NET CLR 2.0.50727)"
192.168.57.153 - - [28/Sep/2011:09:48:57 +0900] "GET /gakunai/keijiban/event.html HTTP/1.1" 304 - "-" "Mozilla/4.0 (compatible; MSIE 6.0; Windows NT 5.1; SV1; YTB720; .NET CLR 1.1.4322; .NET CLR 2.0.50727)"
172.16.100.76 - - [28/Sep/2011:09:48:57 +0900] "OPTIONS * HTTP/1.0" 200 - "-" "Apache/2.2.12 (Unix) mod_ssl/2.2.12 OpenSSL/0.9.8r DAV/2 PHP/5.2.9 Phusion_Passenger/2.2.15 (internal dummy connection)"
172.16.100.76 - - [28/Sep/2011:09:48:58 +0900] "OPTIONS * HTTP/1.0" 200 - "-" "Apache/2.2.12 (Unix) mod_ssl/2.2.12 OpenSSL/0.9.8r DAV/2 PHP/5.2.9 Phusion_Passenger/2.2.15 (internal dummy connection)"
172.16.100.76 - - [28/Sep/2011:09:48:59 +0900] "OPTIONS * HTTP/1.0" 200 - "-" "Apache/2.2.12 (Unix) mod_ssl/2.2.12 OpenSSL/0.9.8r DAV/2 PHP/5.2.9 Phusion_Passenger/2.2.15 (internal dummy connection)"
172.16.100.76 - - [28/Sep/2011:09:49:03 +0900] "OPTIONS * HTTP/1.0" 200 - "-" "Apache/2.2.12 (Unix) mod_ssl/2.2.12 OpenSSL/0.9.8r DAV/2 PHP/5.2.9 Phusion_Passenger/2.2.15 (internal dummy connection)"
172.16.100.76 - - [28/Sep/2011:09:49:05 +0900] "OPTIONS * HTTP/1.0" 200 - "-" "Apache/2.2.12 (Unix) mod_ssl/2.2.12 OpenSSL/0.9.8r DAV/2 PHP/5.2.9 Phusion_Passenger/2.2.15 (internal dummy connection)"
172.16.100.76 - - [28/Sep/2011:09:49:08 +0900] "OPTIONS * HTTP/1.0" 200 - "-" "Apache/2.2.12 (Unix) mod_ssl/2.2.12 OpenSSL/0.9.8r DAV/2 PHP/5.2.9 Phusion_Passenger/2.2.15 (internal dummy connection)"
172.20.0.44 - - [28/Sep/2011:09:49:10 +0900] "GET /organization/index-j.shtml HTTP/1.1" 200 47058 "http://www.riec.tohoku.ac.jp/index-j.shtml" "Mozilla/5.0 (Macintosh; Intel Mac OS X 10_5_8) AppleWebKit/534.50.2 (KHTML, like Gecko) Version/5.0.6 Safari/533.22.3"
192.168.57.151 - - [28/Sep/2011:09:49:11 +0900] "GET /gakunai/keijiban/bus.html HTTP/1.1" 304 - "-" "Mozilla/4.0 (compatible; MSIE 6.0; Windows NT 5.1; SV1; YTB720; .NET CLR 1.1.4322; .NET CLR 2.0.50727)"
192.168.57.151 - - [28/Sep/2011:09:49:11 +0900] "GET /gakunai/keijiban/img/bus6.jpg HTTP/1.1" 304 - "http://www.riec.tohoku.ac.jp/gakunai/keijiban/bus.html" "Mozilla/4.0 (compatible; MSIE 6.0; Windows NT 5.1; SV1; YTB720; .NET CLR 1.1.4322; .NET CLR 2.0.50727)"
192.168.57.151 - - [28/Sep/2011:09:49:11 +0900] "GET /gakunai/keijiban/img/bus.jpg HTTP/1.1" 304 - "http://www.riec.tohoku.ac.jp/gakunai/keijiban/bus.html" "Mozilla/4.0 (compatible; MSIE 6.0; Windows NT 5.1; SV1; YTB720; .NET CLR 1.1.4322; .NET CLR 2.0.50727)"
192.168.57.152 - - [28/Sep/2011:09:49:11 +0900] "GET /gakunai/keijiban/bus.html HTTP/1.1" 304 - "-" "Mozilla/4.0 (compatible; MSIE 6.0; Windows NT 5.1; SV1; YTB720; .NET CLR 1.1.4322; .NET CLR 2.0.50727)"
192.168.57.152 - - [28/Sep/2011:09:49:11 +0900] "GET /gakunai/keijiban/img/bus6.jpg HTTP/1.1" 304 - "http://www.riec.tohoku.ac.jp/gakunai/keijiban/bus.html" "Mozilla/4.0 (compatible; MSIE 6.0; Windows NT 5.1; SV1; YTB720; .NET CLR 1.1.4322; .NET CLR 2.0.50727)"
192.168.57.152 - - [28/Sep/2011:09:49:11 +0900] "GET /gakunai/keijiban/img/bus.jpg HTTP/1.1" 304 - "http://www.riec.tohoku.ac.jp/gakunai/keijiban/bus.html" "Mozilla/4.0 (compatible; MSIE 6.0; Windows NT 5.1; SV1; YTB720; .NET CLR 1.1.4322; .NET CLR 2.0.50727)"
192.168.57.153 - - [28/Sep/2011:09:49:12 +0900] "GET /gakunai/keijiban/bus.html HTTP/1.1" 304 - "-" "Mozilla/4.0 (compatible; MSIE 6.0; Windows NT 5.1; SV1; YTB720; .NET CLR 1.1.4322; .NET CLR 2.0.50727)"
192.168.57.153 - - [28/Sep/2011:09:49:12 +0900] "GET /gakunai/keijiban/img/bus6.jpg HTTP/1.1" 304 - "http://www.riec.tohoku.ac.jp/gakunai/keijiban/bus.html" "Mozilla/4.0 (compatible; MSIE 6.0; Windows NT 5.1; SV1; YTB720; .NET CLR 1.1.4322; .NET CLR 2.0.50727)"
192.168.57.153 - - [28/Sep/2011:09:49:12 +0900] "GET /gakunai/keijiban/img/bus.jpg HTTP/1.1" 304 - "http://www.riec.tohoku.ac.jp/gakunai/keijiban/bus.html" "Mozilla/4.0 (compatible; MSIE 6.0; Windows NT 5.1; SV1; YTB720; .NET CLR 1.1.4322; .NET CLR 2.0.50727)"
172.20.0.44 - - [28/Sep/2011:09:49:15 +0900] "GET /lab/suematsu/index-j.html HTTP/1.1" 200 5545 "http://www.riec.tohoku.ac.jp/organization/index-j.shtml" "Mozilla/5.0 (Macintosh; Intel Mac OS X 10_5_8) AppleWebKit/534.50.2 (KHTML, like Gecko) Version/5.0.6 Safari/533.22.3"
172.20.0.44 - - [28/Sep/2011:09:49:15 +0900] "GET /lab/suematsu/st_2010-s.jpg HTTP/1.1" 200 56952 "http://www.riec.tohoku.ac.jp/lab/suematsu/index-j.html" "Mozilla/5.0 (Macintosh; Intel Mac OS X 10_5_8) AppleWebKit/534.50.2 (KHTML, like Gecko) Version/5.0.6 Safari/533.22.3"
172.20.0.44 - - [28/Sep/2011:09:49:15 +0900] "GET /lab/suematsu/map1_2010-j-s.jpg HTTP/1.1" 200 48623 "http://www.riec.tohoku.ac.jp/lab/suematsu/index-j.html" "Mozilla/5.0 (Macintosh; Intel Mac OS X 10_5_8) AppleWebKit/534.50.2 (KHTML, like Gecko) Version/5.0.6 Safari/533.22.3"
172.20.0.44 - - [28/Sep/2011:09:49:15 +0900] "GET /lab/suematsu/map2_2010-j-s.jpg HTTP/1.1" 200 41088 "http://www.riec.tohoku.ac.jp/lab/suematsu/index-j.html" "Mozilla/5.0 (Macintosh; Intel Mac OS X 10_5_8) AppleWebKit/534.50.2 (KHTML, like Gecko) Version/5.0.6 Safari/533.22.3"
192.168.57.151 - - [28/Sep/2011:09:49:26 +0900] "GET /gakunai/keijiban/campusbus.html HTTP/1.1" 304 - "-" "Mozilla/4.0 (compatible; MSIE 6.0; Windows NT 5.1; SV1; YTB720; .NET CLR 1.1.4322; .NET CLR 2.0.50727)"
192.168.57.151 - - [28/Sep/2011:09:49:26 +0900] "GET /gakunai/keijiban/img/map20110905_20120330_1.gif HTTP/1.1" 304 - "http://www.riec.tohoku.ac.jp/gakunai/keijiban/campusbus.html" "Mozilla/4.0 (compatible; MSIE 6.0; Windows NT 5.1; SV1; YTB720; .NET CLR 1.1.4322; .NET CLR 2.0.50727)"
192.168.57.152 - - [28/Sep/2011:09:49:26 +0900] "GET /gakunai/keijiban/campusbus.html HTTP/1.1" 304 - "-" "Mozilla/4.0 (compatible; MSIE 6.0; Windows NT 5.1; SV1; YTB720; .NET CLR 1.1.4322; .NET CLR 2.0.50727)"
192.168.57.152 - - [28/Sep/2011:09:49:26 +0900] "GET /gakunai/keijiban/img/map20110905_20120330_1.gif HTTP/1.1" 304 - "http://www.riec.tohoku.ac.jp/gakunai/keijiban/campusbus.html" "Mozilla/4.0 (compatible; MSIE 6.0; Windows NT 5.1; SV1; YTB720; .NET CLR 1.1.4322; .NET CLR 2.0.50727)"
192.168.57.153 - - [28/Sep/2011:09:49:27 +0900] "GET /gakunai/keijiban/campusbus.html HTTP/1.1" 304 - "-" "Mozilla/4.0 (compatible; MSIE 6.0; Windows NT 5.1; SV1; YTB720; .NET CLR 1.1.4322; .NET CLR 2.0.50727)"
192.168.57.153 - - [28/Sep/2011:09:49:27 +0900] "GET /gakunai/keijiban/img/map20110905_20120330_1.gif HTTP/1.1" 304 - "http://www.riec.tohoku.ac.jp/gakunai/keijiban/campusbus.html" "Mozilla/4.0 (compatible; MSIE 6.0; Windows NT 5.1; SV1; YTB720; .NET CLR 1.1.4322; .NET CLR 2.0.50727)"
172.20.0.44 - - [28/Sep/2011:09:49:27 +0900] "GET /lab/suematsu/index-e.html HTTP/1.1" 200 4737 "http://www.riec.tohoku.ac.jp/lab/suematsu/index-j.html" "Mozilla/5.0 (Macintosh; Intel Mac OS X 10_5_8) AppleWebKit/534.50.2 (KHTML, like Gecko) Version/5.0.6 Safari/533.22.3"
172.20.0.44 - - [28/Sep/2011:09:49:27 +0900] "GET /lab/suematsu/map1_2010-e-s.jpg HTTP/1.1" 200 48559 "http://www.riec.tohoku.ac.jp/lab/suematsu/index-e.html" "Mozilla/5.0 (Macintosh; Intel Mac OS X 10_5_8) AppleWebKit/534.50.2 (KHTML, like Gecko) Version/5.0.6 Safari/533.22.3"
172.20.0.44 - - [28/Sep/2011:09:49:27 +0900] "GET /lab/suematsu/map2_2010-e-s.jpg HTTP/1.1" 200 41291 "http://www.riec.tohoku.ac.jp/lab/suematsu/index-e.html" "Mozilla/5.0 (Macintosh; Intel Mac OS X 10_5_8) AppleWebKit/534.50.2 (KHTML, like Gecko) Version/5.0.6 Safari/533.22.3"
130.34.209.227 - - [28/Sep/2011:09:49:31 +0900] "GET /~director/pc//niche.css HTTP/1.1" 404 377 "http://director.riec.tohoku.ac.jp/~director/pc/schedule_add.php" "Mozilla/4.0 (compatible; MSIE 7.0; Windows NT 6.1; Trident/5.0; SLCC2; .NET CLR 2.0.50727; .NET CLR 3.5.30729; .NET CLR 3.0.30729; Media Center PC 6.0; MDDS; .NET4.0C; BOIE9;JAJP)"
192.168.57.151 - - [28/Sep/2011:09:49:41 +0900] "GET /gakunai/keijiban/kokai2011.html HTTP/1.1" 304 - "-" "Mozilla/4.0 (compatible; MSIE 6.0; Windows NT 5.1; SV1; YTB720; .NET CLR 1.1.4322; .NET CLR 2.0.50727)"
192.168.57.151 - - [28/Sep/2011:09:49:41 +0900] "GET /gakunai/keijiban/img/map_1.jpg HTTP/1.1" 304 - "http://www.riec.tohoku.ac.jp/gakunai/keijiban/kokai2011.html" "Mozilla/4.0 (compatible; MSIE 6.0; Windows NT 5.1; SV1; YTB720; .NET CLR 1.1.4322; .NET CLR 2.0.50727)"
192.168.57.152 - - [28/Sep/2011:09:49:41 +0900] "GET /gakunai/keijiban/kokai2011.html HTTP/1.1" 304 - "-" "Mozilla/4.0 (compatible; MSIE 6.0; Windows NT 5.1; SV1; YTB720; .NET CLR 1.1.4322; .NET CLR 2.0.50727)"
192.168.57.152 - - [28/Sep/2011:09:49:41 +0900] "GET /gakunai/keijiban/img/map_1.jpg HTTP/1.1" 304 - "http://www.riec.tohoku.ac.jp/gakunai/keijiban/kokai2011.html" "Mozilla/4.0 (compatible; MSIE 6.0; Windows NT 5.1; SV1; YTB720; .NET CLR 1.1.4322; .NET CLR 2.0.50727)"
192.168.57.153 - - [28/Sep/2011:09:49:42 +0900] "GET /gakunai/keijiban/kokai2011.html HTTP/1.1" 304 - "-" "Mozilla/4.0 (compatible; MSIE 6.0; Windows NT 5.1; SV1; YTB720; .NET CLR 1.1.4322; .NET CLR 2.0.50727)"
192.168.57.153 - - [28/Sep/2011:09:49:42 +0900] "GET /gakunai/keijiban/img/map_1.jpg HTTP/1.1" 304 - "http://www.riec.tohoku.ac.jp/gakunai/keijiban/kokai2011.html" "Mozilla/4.0 (compatible; MSIE 6.0; Windows NT 5.1; SV1; YTB720; .NET CLR 1.1.4322; .NET CLR 2.0.50727)"
172.16.100.76 - - [28/Sep/2011:09:49:46 +0900] "OPTIONS * HTTP/1.0" 200 - "-" "Apache/2.2.12 (Unix) mod_ssl/2.2.12 OpenSSL/0.9.8r DAV/2 PHP/5.2.9 Phusion_Passenger/2.2.15 (internal dummy connection)"
172.16.100.76 - - [28/Sep/2011:09:49:56 +0900] "OPTIONS * HTTP/1.0" 200 - "-" "Apache/2.2.12 (Unix) mod_ssl/2.2.12 OpenSSL/0.9.8r DAV/2 PHP/5.2.9 Phusion_Passenger/2.2.15 (internal dummy connection)"
172.20.0.66 - - [28/Sep/2011:09:49:57 +0900] "GET /lab/suematsu/index-j.html HTTP/1.1" 200 5545 "http://www.riec.tohoku.ac.jp/organization/index-j.shtml" "Mozilla/4.0 (compatible; MSIE 7.0; Windows NT 6.0; Trident/4.0; GTB6; SLCC1; .NET CLR 2.0.50727; .NET CLR 3.5.30729; .NET CLR 3.0.30729)"
172.20.0.66 - - [28/Sep/2011:09:49:57 +0900] "GET /lab/suematsu/st_2010-s.jpg HTTP/1.1" 200 56952 "http://www.riec.tohoku.ac.jp/lab/suematsu/index-j.html" "Mozilla/4.0 (compatible; MSIE 7.0; Windows NT 6.0; Trident/4.0; GTB6; SLCC1; .NET CLR 2.0.50727; .NET CLR 3.5.30729; .NET CLR 3.0.30729)"
172.20.0.66 - - [28/Sep/2011:09:49:57 +0900] "GET /lab/suematsu/map1_2010-j-s.jpg HTTP/1.1" 200 48623 "http://www.riec.tohoku.ac.jp/lab/suematsu/index-j.html" "Mozilla/4.0 (compatible; MSIE 7.0; Windows NT 6.0; Trident/4.0; GTB6; SLCC1; .NET CLR 2.0.50727; .NET CLR 3.5.30729; .NET CLR 3.0.30729)"
172.20.0.66 - - [28/Sep/2011:09:49:57 +0900] "GET /lab/suematsu/map2_2010-j-s.jpg HTTP/1.1" 200 41088 "http://www.riec.tohoku.ac.jp/lab/suematsu/index-j.html" "Mozilla/4.0 (compatible; MSIE 7.0; Windows NT 6.0; Trident/4.0; GTB6; SLCC1; .NET CLR 2.0.50727; .NET CLR 3.5.30729; .NET CLR 3.0.30729)"
172.20.0.66 - - [28/Sep/2011:09:49:59 +0900] "GET /lab/suematsu/index-e.html HTTP/1.1" 200 4737 "http://www.riec.tohoku.ac.jp/lab/suematsu/index-j.html" "Mozilla/4.0 (compatible; MSIE 7.0; Windows NT 6.0; Trident/4.0; GTB6; SLCC1; .NET CLR 2.0.50727; .NET CLR 3.5.30729; .NET CLR 3.0.30729)"
172.20.0.66 - - [28/Sep/2011:09:49:59 +0900] "GET /lab/suematsu/map2_2010-e-s.jpg HTTP/1.1" 200 41291 "http://www.riec.tohoku.ac.jp/lab/suematsu/index-e.html" "Mozilla/4.0 (compatible; MSIE 7.0; Windows NT 6.0; Trident/4.0; GTB6; SLCC1; .NET CLR 2.0.50727; .NET CLR 3.5.30729; .NET CLR 3.0.30729)"
172.20.0.66 - - [28/Sep/2011:09:49:59 +0900] "GET /lab/suematsu/map1_2010-e-s.jpg HTTP/1.1" 200 48559 "http://www.riec.tohoku.ac.jp/lab/suematsu/index-e.html" "Mozilla/4.0 (compatible; MSIE 7.0; Windows NT 6.0; Trident/4.0; GTB6; SLCC1; .NET CLR 2.0.50727; .NET CLR 3.5.30729; .NET CLR 3.0.30729)"
172.20.0.66 - - [28/Sep/2011:09:49:59 +0900] "GET /css/layoutlab-e.css HTTP/1.1" 200 14677 "http://www.riec.tohoku.ac.jp/lab/suematsu/index-e.html" "Mozilla/4.0 (compatible; MSIE 7.0; Windows NT 6.0; Trident/4.0; GTB6; SLCC1; .NET CLR 2.0.50727; .NET CLR 3.5.30729; .NET CLR 3.0.30729)"
172.20.0.66 - - [28/Sep/2011:09:50:02 +0900] "GET /lab/suematsu/map1_2010-e.jpg HTTP/1.1" 200 134568 "http://www.riec.tohoku.ac.jp/lab/suematsu/index-e.html" "Mozilla/4.0 (compatible; MSIE 7.0; Windows NT 6.0; Trident/4.0; GTB6; SLCC1; .NET CLR 2.0.50727; .NET CLR 3.5.30729; .NET CLR 3.0.30729)"
119.235.237.93 - - [28/Sep/2011:09:50:04 +0900] "GET /~yamasue/pukiwiki-e/index.php?cmd=backup&page=YukiWiki HTTP/1.1" 200 3796 "-" "Yeti/1.0 (NHN Corp.; http://help.naver.com/robots/)"
130.34.209.227 - - [28/Sep/2011:09:50:07 +0900] "GET /~director/pc//niche.css HTTP/1.1" 404 377 "http://director.riec.tohoku.ac.jp/~director/pc/schedule_list_view.php?year=2011&month=10" "Mozilla/4.0 (compatible; MSIE 7.0; Windows NT 6.1; Trident/5.0; SLCC2; .NET CLR 2.0.50727; .NET CLR 3.5.30729; .NET CLR 3.0.30729; Media Center PC 6.0; MDDS; .NET4.0C; BOIE9;JAJP)"
172.20.0.66 - - [28/Sep/2011:09:50:08 +0900] "GET /lab/suematsu/map2_2010-e.jpg HTTP/1.1" 200 118132 "http://www.riec.tohoku.ac.jp/lab/suematsu/index-e.html" "Mozilla/4.0 (compatible; MSIE 7.0; Windows NT 6.0; Trident/4.0; GTB6; SLCC1; .NET CLR 2.0.50727; .NET CLR 3.5.30729; .NET CLR 3.0.30729)"
130.34.193.25 - - [28/Sep/2011:09:50:12 +0900] "GET /activity/pr/topics2011/topics110921/index.html HTTP/1.0" 304 - "-" "Mozilla/4.0 (compatible; MSIE 6.0; Windows NT 5.1; SV1; YTB720; .NET CLR 1.1.4322; .NET CLR 2.0.50727)"
130.34.193.25 - - [28/Sep/2011:09:50:12 +0900] "GET /css/default.css HTTP/1.0" 304 - "http://www.riec.tohoku.ac.jp/activity/pr/topics2011/topics110921/index.html" "Mozilla/4.0 (compatible; MSIE 6.0; Windows NT 5.1; SV1; YTB720; .NET CLR 1.1.4322; .NET CLR 2.0.50727)"
130.34.193.25 - - [28/Sep/2011:09:50:12 +0900] "GET /image1/return.gif HTTP/1.0" 304 - "http://www.riec.tohoku.ac.jp/activity/pr/topics2011/topics110921/index.html" "Mozilla/4.0 (compatible; MSIE 6.0; Windows NT 5.1; SV1; YTB720; .NET CLR 1.1.4322; .NET CLR 2.0.50727)"
130.34.193.25 - - [28/Sep/2011:09:50:12 +0900] "GET /css/layouttopics.css HTTP/1.0" 304 - "http://www.riec.tohoku.ac.jp/activity/pr/topics2011/topics110921/index.html" "Mozilla/4.0 (compatible; MSIE 6.0; Windows NT 5.1; SV1; YTB720; .NET CLR 1.1.4322; .NET CLR 2.0.50727)"
130.34.193.25 - - [28/Sep/2011:09:50:12 +0900] "GET /css/color.css HTTP/1.0" 304 - "http://www.riec.tohoku.ac.jp/activity/pr/topics2011/topics110921/index.html" "Mozilla/4.0 (compatible; MSIE 6.0; Windows NT 5.1; SV1; YTB720; .NET CLR 1.1.4322; .NET CLR 2.0.50727)"
130.34.193.25 - - [28/Sep/2011:09:50:12 +0900] "GET /image1/mail.jpg HTTP/1.0" 304 - "http://www.riec.tohoku.ac.jp/activity/pr/topics2011/topics110921/index.html" "Mozilla/4.0 (compatible; MSIE 6.0; Windows NT 5.1; SV1; YTB720; .NET CLR 1.1.4322; .NET CLR 2.0.50727)"
130.34.193.25 - - [28/Sep/2011:09:50:12 +0900] "GET /image1/waterline1.gif HTTP/1.0" 304 - "http://www.riec.tohoku.ac.jp/activity/pr/topics2011/topics110921/index.html" "Mozilla/4.0 (compatible; MSIE 6.0; Windows NT 5.1; SV1; YTB720; .NET CLR 1.1.4322; .NET CLR 2.0.50727)"
130.34.193.25 - - [28/Sep/2011:09:50:13 +0900] "GET /activity/pr/topics2011/topics110921/index.html HTTP/1.0" 304 - "-" "Mozilla/4.0 (compatible; MSIE 6.0; Windows NT 5.1; SV1; YTB720; .NET CLR 1.1.4322; .NET CLR 2.0.50727)"
130.34.193.25 - - [28/Sep/2011:09:50:13 +0900] "GET /css/default.css HTTP/1.0" 304 - "http://www.riec.tohoku.ac.jp/activity/pr/topics2011/topics110921/index.html" "Mozilla/4.0 (compatible; MSIE 6.0; Windows NT 5.1; SV1; YTB720; .NET CLR 1.1.4322; .NET CLR 2.0.50727)"
130.34.193.25 - - [28/Sep/2011:09:50:13 +0900] "GET /css/layouttopics.css HTTP/1.0" 304 - "http://www.riec.tohoku.ac.jp/activity/pr/topics2011/topics110921/index.html" "Mozilla/4.0 (compatible; MSIE 6.0; Windows NT 5.1; SV1; YTB720; .NET CLR 1.1.4322; .NET CLR 2.0.50727)"
130.34.193.25 - - [28/Sep/2011:09:50:13 +0900] "GET /css/color.css HTTP/1.0" 304 - "http://www.riec.tohoku.ac.jp/activity/pr/topics2011/topics110921/index.html" "Mozilla/4.0 (compatible; MSIE 6.0; Windows NT 5.1; SV1; YTB720; .NET CLR 1.1.4322; .NET CLR 2.0.50727)"
130.34.193.25 - - [28/Sep/2011:09:50:13 +0900] "GET /image1/return.gif HTTP/1.0" 304 - "http://www.riec.tohoku.ac.jp/activity/pr/topics2011/topics110921/index.html" "Mozilla/4.0 (compatible; MSIE 6.0; Windows NT 5.1; SV1; YTB720; .NET CLR 1.1.4322; .NET CLR 2.0.50727)"
130.34.193.25 - - [28/Sep/2011:09:50:13 +0900] "GET /image1/mail.jpg HTTP/1.0" 304 - "http://www.riec.tohoku.ac.jp/activity/pr/topics2011/topics110921/index.html" "Mozilla/4.0 (compatible; MSIE 6.0; Windows NT 5.1; SV1; YTB720; .NET CLR 1.1.4322; .NET CLR 2.0.50727)"
130.34.193.25 - - [28/Sep/2011:09:50:13 +0900] "GET /image1/waterline1.gif HTTP/1.0" 304 - "http://www.riec.tohoku.ac.jp/activity/pr/topics2011/topics110921/index.html" "Mozilla/4.0 (compatible; MSIE 6.0; Windows NT 5.1; SV1; YTB720; .NET CLR 1.1.4322; .NET CLR 2.0.50727)"
67.195.114.234 - - [28/Sep/2011:09:50:13 +0900] "GET /forum2009/poster2009/nano/26.pdf HTTP/1.0" 200 1006273 "-" "Mozilla/5.0 (compatible; Yahoo! Slurp; http://help.yahoo.com/help/us/ysearch/slurp)"
172.16.100.76 - - [28/Sep/2011:09:50:28 +0900] "OPTIONS * HTTP/1.0" 200 - "-" "Apache/2.2.12 (Unix) mod_ssl/2.2.12 OpenSSL/0.9.8r DAV/2 PHP/5.2.9 Phusion_Passenger/2.2.15 (internal dummy connection)"
172.16.100.76 - - [28/Sep/2011:09:50:29 +0900] "OPTIONS * HTTP/1.0" 200 - "-" "Apache/2.2.12 (Unix) mod_ssl/2.2.12 OpenSSL/0.9.8r DAV/2 PHP/5.2.9 Phusion_Passenger/2.2.15 (internal dummy connection)"
172.16.100.76 - - [28/Sep/2011:09:50:30 +0900] "OPTIONS * HTTP/1.0" 200 - "-" "Apache/2.2.12 (Unix) mod_ssl/2.2.12 OpenSSL/0.9.8r DAV/2 PHP/5.2.9 Phusion_Passenger/2.2.15 (internal dummy connection)"
172.16.100.76 - - [28/Sep/2011:09:50:31 +0900] "OPTIONS * HTTP/1.0" 200 - "-" "Apache/2.2.12 (Unix) mod_ssl/2.2.12 OpenSSL/0.9.8r DAV/2 PHP/5.2.9 Phusion_Passenger/2.2.15 (internal dummy connection)"
192.168.57.151 - - [28/Sep/2011:09:50:41 +0900] "GET /gakunai/keijiban/base3.html HTTP/1.1" 304 - "-" "Mozilla/4.0 (compatible; MSIE 6.0; Windows NT 5.1; SV1; YTB720; .NET CLR 1.1.4322; .NET CLR 2.0.50727)"
192.168.57.151 - - [28/Sep/2011:09:50:41 +0900] "GET /gakunai/keijiban/img/bunya1_2010.jpg HTTP/1.1" 304 - "http://www.riec.tohoku.ac.jp/gakunai/keijiban/base3.html" "Mozilla/4.0 (compatible; MSIE 6.0; Windows NT 5.1; SV1; YTB720; .NET CLR 1.1.4322; .NET CLR 2.0.50727)"
192.168.57.151 - - [28/Sep/2011:09:50:41 +0900] "GET /gakunai/keijiban/img/bunya2_2010.jpg HTTP/1.1" 304 - "http://www.riec.tohoku.ac.jp/gakunai/keijiban/base3.html" "Mozilla/4.0 (compatible; MSIE 6.0; Windows NT 5.1; SV1; YTB720; .NET CLR 1.1.4322; .NET CLR 2.0.50727)"
192.168.57.151 - - [28/Sep/2011:09:50:41 +0900] "GET /gakunai/keijiban/haikei_2010.gif HTTP/1.1" 404 386 "http://www.riec.tohoku.ac.jp/gakunai/keijiban/base3.html" "Mozilla/4.0 (compatible; MSIE 6.0; Windows NT 5.1; SV1; YTB720; .NET CLR 1.1.4322; .NET CLR 2.0.50727)"
192.168.57.152 - - [28/Sep/2011:09:50:41 +0900] "GET /gakunai/keijiban/base3.html HTTP/1.1" 304 - "-" "Mozilla/4.0 (compatible; MSIE 6.0; Windows NT 5.1; SV1; YTB720; .NET CLR 1.1.4322; .NET CLR 2.0.50727)"
192.168.57.152 - - [28/Sep/2011:09:50:41 +0900] "GET /gakunai/keijiban/img/bunya2_2010.jpg HTTP/1.1" 304 - "http://www.riec.tohoku.ac.jp/gakunai/keijiban/base3.html" "Mozilla/4.0 (compatible; MSIE 6.0; Windows NT 5.1; SV1; YTB720; .NET CLR 1.1.4322; .NET CLR 2.0.50727)"
192.168.57.152 - - [28/Sep/2011:09:50:41 +0900] "GET /gakunai/keijiban/img/bunya1_2010.jpg HTTP/1.1" 304 - "http://www.riec.tohoku.ac.jp/gakunai/keijiban/base3.html" "Mozilla/4.0 (compatible; MSIE 6.0; Windows NT 5.1; SV1; YTB720; .NET CLR 1.1.4322; .NET CLR 2.0.50727)"
192.168.57.152 - - [28/Sep/2011:09:50:41 +0900] "GET /gakunai/keijiban/haikei_2010.gif HTTP/1.1" 404 386 "http://www.riec.tohoku.ac.jp/gakunai/keijiban/base3.html" "Mozilla/4.0 (compatible; MSIE 6.0; Windows NT 5.1; SV1; YTB720; .NET CLR 1.1.4322; .NET CLR 2.0.50727)"
192.168.57.153 - - [28/Sep/2011:09:50:42 +0900] "GET /gakunai/keijiban/base3.html HTTP/1.1" 304 - "-" "Mozilla/4.0 (compatible; MSIE 6.0; Windows NT 5.1; SV1; YTB720; .NET CLR 1.1.4322; .NET CLR 2.0.50727)"
192.168.57.153 - - [28/Sep/2011:09:50:42 +0900] "GET /gakunai/keijiban/img/bunya2_2010.jpg HTTP/1.1" 304 - "http://www.riec.tohoku.ac.jp/gakunai/keijiban/base3.html" "Mozilla/4.0 (compatible; MSIE 6.0; Windows NT 5.1; SV1; YTB720; .NET CLR 1.1.4322; .NET CLR 2.0.50727)"
192.168.57.153 - - [28/Sep/2011:09:50:42 +0900] "GET /gakunai/keijiban/img/bunya1_2010.jpg HTTP/1.1" 304 - "http://www.riec.tohoku.ac.jp/gakunai/keijiban/base3.html" "Mozilla/4.0 (compatible; MSIE 6.0; Windows NT 5.1; SV1; YTB720; .NET CLR 1.1.4322; .NET CLR 2.0.50727)"
192.168.57.153 - - [28/Sep/2011:09:50:42 +0900] "GET /gakunai/keijiban/haikei_2010.gif HTTP/1.1" 404 386 "http://www.riec.tohoku.ac.jp/gakunai/keijiban/base3.html" "Mozilla/4.0 (compatible; MSIE 6.0; Windows NT 5.1; SV1; YTB720; .NET CLR 1.1.4322; .NET CLR 2.0.50727)"
192.168.57.151 - - [28/Sep/2011:09:50:56 +0900] "GET /gakunai/keijiban/event.html HTTP/1.1" 304 - "-" "Mozilla/4.0 (compatible; MSIE 6.0; Windows NT 5.1; SV1; YTB720; .NET CLR 1.1.4322; .NET CLR 2.0.50727)"
192.168.57.152 - - [28/Sep/2011:09:50:56 +0900] "GET /gakunai/keijiban/event.html HTTP/1.1" 304 - "-" "Mozilla/4.0 (compatible; MSIE 6.0; Windows NT 5.1; SV1; YTB720; .NET CLR 1.1.4322; .NET CLR 2.0.50727)"
192.168.57.153 - - [28/Sep/2011:09:50:57 +0900] "GET /gakunai/keijiban/event.html HTTP/1.1" 304 - "-" "Mozilla/4.0 (compatible; MSIE 6.0; Windows NT 5.1; SV1; YTB720; .NET CLR 1.1.4322; .NET CLR 2.0.50727)"
172.20.0.146 - - [28/Sep/2011:09:51:00 +0900] "GET /riecnews/ HTTP/1.1" 304 - "-" "Mozilla/5.0 (X11; Linux i686; rv:5.0) Gecko/20100101 Firefox/5.0"
172.20.0.146 - - [28/Sep/2011:09:51:01 +0900] "GET /riecnews/stylesheets/screen.css?1304660247 HTTP/1.1" 304 - "http://www.riec.tohoku.ac.jp/riecnews/" "Mozilla/5.0 (X11; Linux i686; rv:5.0) Gecko/20100101 Firefox/5.0"
172.20.0.146 - - [28/Sep/2011:09:51:01 +0900] "GET /riecnews/javascripts/prototype.js?1304660247 HTTP/1.1" 304 - "http://www.riec.tohoku.ac.jp/riecnews/" "Mozilla/5.0 (X11; Linux i686; rv:5.0) Gecko/20100101 Firefox/5.0"
172.20.0.146 - - [28/Sep/2011:09:51:01 +0900] "GET /riecnews/stylesheets/application.css?1304660247 HTTP/1.1" 304 - "http://www.riec.tohoku.ac.jp/riecnews/" "Mozilla/5.0 (X11; Linux i686; rv:5.0) Gecko/20100101 Firefox/5.0"
172.20.0.146 - - [28/Sep/2011:09:51:01 +0900] "GET /riecnews/javascripts/dragdrop.js?1304660247 HTTP/1.1" 304 - "http://www.riec.tohoku.ac.jp/riecnews/" "Mozilla/5.0 (X11; Linux i686; rv:5.0) Gecko/20100101 Firefox/5.0"
172.20.0.146 - - [28/Sep/2011:09:51:01 +0900] "GET /riecnews/stylesheets/formtastic.css?1304660247 HTTP/1.1" 304 - "http://www.riec.tohoku.ac.jp/riecnews/" "Mozilla/5.0 (X11; Linux i686; rv:5.0) Gecko/20100101 Firefox/5.0"
172.20.0.146 - - [28/Sep/2011:09:51:01 +0900] "GET /riecnews/stylesheets/print.css?1304660247 HTTP/1.1" 304 - "http://www.riec.tohoku.ac.jp/riecnews/" "Mozilla/5.0 (X11; Linux i686; rv:5.0) Gecko/20100101 Firefox/5.0"
172.20.0.146 - - [28/Sep/2011:09:51:01 +0900] "GET /riecnews/javascripts/effects.js?1304660247 HTTP/1.1" 304 - "http://www.riec.tohoku.ac.jp/riecnews/" "Mozilla/5.0 (X11; Linux i686; rv:5.0) Gecko/20100101 Firefox/5.0"
172.20.0.146 - - [28/Sep/2011:09:51:01 +0900] "GET /riecnews/javascripts/controls.js?1304660247 HTTP/1.1" 304 - "http://www.riec.tohoku.ac.jp/riecnews/" "Mozilla/5.0 (X11; Linux i686; rv:5.0) Gecko/20100101 Firefox/5.0"
172.20.0.146 - - [28/Sep/2011:09:51:01 +0900] "GET /riecnews/javascripts/rails.js?1304660247 HTTP/1.1" 304 - "http://www.riec.tohoku.ac.jp/riecnews/" "Mozilla/5.0 (X11; Linux i686; rv:5.0) Gecko/20100101 Firefox/5.0"
172.20.0.146 - - [28/Sep/2011:09:51:01 +0900] "GET /riecnews/javascripts/application.js?1304660247 HTTP/1.1" 304 - "http://www.riec.tohoku.ac.jp/riecnews/" "Mozilla/5.0 (X11; Linux i686; rv:5.0) Gecko/20100101 Firefox/5.0"
172.20.0.146 - - [28/Sep/2011:09:51:02 +0900] "GET /image1/forum.gif HTTP/1.1" 304 - "http://www.riec.tohoku.ac.jp/riecnews/" "Mozilla/5.0 (X11; Linux i686; rv:5.0) Gecko/20100101 Firefox/5.0"
172.20.0.146 - - [28/Sep/2011:09:51:07 +0900] "GET /riecnews/access_log HTTP/1.1" 200 2615 "-" "Mozilla/5.0 (X11; Linux i686; rv:5.0) Gecko/20100101 Firefox/5.0"
192.168.57.151 - - [28/Sep/2011:09:51:11 +0900] "GET /gakunai/keijiban/bus.html HTTP/1.1" 304 - "-" "Mozilla/4.0 (compatible; MSIE 6.0; Windows NT 5.1; SV1; YTB720; .NET CLR 1.1.4322; .NET CLR 2.0.50727)"
192.168.57.151 - - [28/Sep/2011:09:51:11 +0900] "GET /gakunai/keijiban/img/bus6.jpg HTTP/1.1" 304 - "http://www.riec.tohoku.ac.jp/gakunai/keijiban/bus.html" "Mozilla/4.0 (compatible; MSIE 6.0; Windows NT 5.1; SV1; YTB720; .NET CLR 1.1.4322; .NET CLR 2.0.50727)"
192.168.57.151 - - [28/Sep/2011:09:51:11 +0900] "GET /gakunai/keijiban/img/bus.jpg HTTP/1.1" 304 - "http://www.riec.tohoku.ac.jp/gakunai/keijiban/bus.html" "Mozilla/4.0 (compatible; MSIE 6.0; Windows NT 5.1; SV1; YTB720; .NET CLR 1.1.4322; .NET CLR 2.0.50727)"
192.168.57.152 - - [28/Sep/2011:09:51:11 +0900] "GET /gakunai/keijiban/bus.html HTTP/1.1" 304 - "-" "Mozilla/4.0 (compatible; MSIE 6.0; Windows NT 5.1; SV1; YTB720; .NET CLR 1.1.4322; .NET CLR 2.0.50727)"
192.168.57.152 - - [28/Sep/2011:09:51:11 +0900] "GET /gakunai/keijiban/img/bus6.jpg HTTP/1.1" 304 - "http://www.riec.tohoku.ac.jp/gakunai/keijiban/bus.html" "Mozilla/4.0 (compatible; MSIE 6.0; Windows NT 5.1; SV1; YTB720; .NET CLR 1.1.4322; .NET CLR 2.0.50727)"
192.168.57.152 - - [28/Sep/2011:09:51:11 +0900] "GET /gakunai/keijiban/img/bus.jpg HTTP/1.1" 304 - "http://www.riec.tohoku.ac.jp/gakunai/keijiban/bus.html" "Mozilla/4.0 (compatible; MSIE 6.0; Windows NT 5.1; SV1; YTB720; .NET CLR 1.1.4322; .NET CLR 2.0.50727)"
192.168.57.153 - - [28/Sep/2011:09:51:12 +0900] "GET /gakunai/keijiban/bus.html HTTP/1.1" 304 - "-" "Mozilla/4.0 (compatible; MSIE 6.0; Windows NT 5.1; SV1; YTB720; .NET CLR 1.1.4322; .NET CLR 2.0.50727)"
192.168.57.153 - - [28/Sep/2011:09:51:12 +0900] "GET /gakunai/keijiban/img/bus6.jpg HTTP/1.1" 304 - "http://www.riec.tohoku.ac.jp/gakunai/keijiban/bus.html" "Mozilla/4.0 (compatible; MSIE 6.0; Windows NT 5.1; SV1; YTB720; .NET CLR 1.1.4322; .NET CLR 2.0.50727)"
192.168.57.153 - - [28/Sep/2011:09:51:12 +0900] "GET /gakunai/keijiban/img/bus.jpg HTTP/1.1" 304 - "http://www.riec.tohoku.ac.jp/gakunai/keijiban/bus.html" "Mozilla/4.0 (compatible; MSIE 6.0; Windows NT 5.1; SV1; YTB720; .NET CLR 1.1.4322; .NET CLR 2.0.50727)"
95.108.244.251 - - [28/Sep/2011:09:51:18 +0900] "GET /houkoku/siryou_2006/mokuji.pdf HTTP/1.1" 200 457609 "-" "Mozilla/5.0 (compatible; YandexBot/3.0; +http://yandex.com/bots)"
172.16.100.76 - - [28/Sep/2011:09:51:24 +0900] "OPTIONS * HTTP/1.0" 200 - "-" "Apache/2.2.12 (Unix) mod_ssl/2.2.12 OpenSSL/0.9.8r DAV/2 PHP/5.2.9 Phusion_Passenger/2.2.15 (internal dummy connection)"
172.16.100.76 - - [28/Sep/2011:09:51:26 +0900] "OPTIONS * HTTP/1.0" 200 - "-" "Apache/2.2.12 (Unix) mod_ssl/2.2.12 OpenSSL/0.9.8r DAV/2 PHP/5.2.9 Phusion_Passenger/2.2.15 (internal dummy connection)"
192.168.57.151 - - [28/Sep/2011:09:51:26 +0900] "GET /gakunai/keijiban/campusbus.html HTTP/1.1" 304 - "-" "Mozilla/4.0 (compatible; MSIE 6.0; Windows NT 5.1; SV1; YTB720; .NET CLR 1.1.4322; .NET CLR 2.0.50727)"
192.168.57.151 - - [28/Sep/2011:09:51:26 +0900] "GET /gakunai/keijiban/img/map20110905_20120330_1.gif HTTP/1.1" 304 - "http://www.riec.tohoku.ac.jp/gakunai/keijiban/campusbus.html" "Mozilla/4.0 (compatible; MSIE 6.0; Windows NT 5.1; SV1; YTB720; .NET CLR 1.1.4322; .NET CLR 2.0.50727)"
192.168.57.152 - - [28/Sep/2011:09:51:26 +0900] "GET /gakunai/keijiban/campusbus.html HTTP/1.1" 304 - "-" "Mozilla/4.0 (compatible; MSIE 6.0; Windows NT 5.1; SV1; YTB720; .NET CLR 1.1.4322; .NET CLR 2.0.50727)"
192.168.57.152 - - [28/Sep/2011:09:51:26 +0900] "GET /gakunai/keijiban/img/map20110905_20120330_1.gif HTTP/1.1" 304 - "http://www.riec.tohoku.ac.jp/gakunai/keijiban/campusbus.html" "Mozilla/4.0 (compatible; MSIE 6.0; Windows NT 5.1; SV1; YTB720; .NET CLR 1.1.4322; .NET CLR 2.0.50727)"
172.16.100.76 - - [28/Sep/2011:09:51:27 +0900] "OPTIONS * HTTP/1.0" 200 - "-" "Apache/2.2.12 (Unix) mod_ssl/2.2.12 OpenSSL/0.9.8r DAV/2 PHP/5.2.9 Phusion_Passenger/2.2.15 (internal dummy connection)"
192.168.57.153 - - [28/Sep/2011:09:51:27 +0900] "GET /gakunai/keijiban/campusbus.html HTTP/1.1" 304 - "-" "Mozilla/4.0 (compatible; MSIE 6.0; Windows NT 5.1; SV1; YTB720; .NET CLR 1.1.4322; .NET CLR 2.0.50727)"
192.168.57.153 - - [28/Sep/2011:09:51:27 +0900] "GET /gakunai/keijiban/img/map20110905_20120330_1.gif HTTP/1.1" 304 - "http://www.riec.tohoku.ac.jp/gakunai/keijiban/campusbus.html" "Mozilla/4.0 (compatible; MSIE 6.0; Windows NT 5.1; SV1; YTB720; .NET CLR 1.1.4322; .NET CLR 2.0.50727)"
172.16.100.76 - - [28/Sep/2011:09:51:28 +0900] "OPTIONS * HTTP/1.0" 200 - "-" "Apache/2.2.12 (Unix) mod_ssl/2.2.12 OpenSSL/0.9.8r DAV/2 PHP/5.2.9 Phusion_Passenger/2.2.15 (internal dummy connection)"
67.195.114.234 - - [28/Sep/2011:09:51:29 +0900] "GET /houkoku/siryou_2006/p340.pdf HTTP/1.0" 200 179450 "-" "Mozilla/5.0 (compatible; Yahoo! Slurp; http://help.yahoo.com/help/us/ysearch/slurp)"
172.16.100.76 - - [28/Sep/2011:09:51:41 +0900] "OPTIONS * HTTP/1.0" 200 - "-" "Apache/2.2.12 (Unix) mod_ssl/2.2.12 OpenSSL/0.9.8r DAV/2 PHP/5.2.9 Phusion_Passenger/2.2.15 (internal dummy connection)"
192.168.57.151 - - [28/Sep/2011:09:51:41 +0900] "GET /gakunai/keijiban/kokai2011.html HTTP/1.1" 304 - "-" "Mozilla/4.0 (compatible; MSIE 6.0; Windows NT 5.1; SV1; YTB720; .NET CLR 1.1.4322; .NET CLR 2.0.50727)"
192.168.57.151 - - [28/Sep/2011:09:51:41 +0900] "GET /gakunai/keijiban/img/map_1.jpg HTTP/1.1" 304 - "http://www.riec.tohoku.ac.jp/gakunai/keijiban/kokai2011.html" "Mozilla/4.0 (compatible; MSIE 6.0; Windows NT 5.1; SV1; YTB720; .NET CLR 1.1.4322; .NET CLR 2.0.50727)"
192.168.57.152 - - [28/Sep/2011:09:51:41 +0900] "GET /gakunai/keijiban/kokai2011.html HTTP/1.1" 304 - "-" "Mozilla/4.0 (compatible; MSIE 6.0; Windows NT 5.1; SV1; YTB720; .NET CLR 1.1.4322; .NET CLR 2.0.50727)"
192.168.57.152 - - [28/Sep/2011:09:51:41 +0900] "GET /gakunai/keijiban/img/map_1.jpg HTTP/1.1" 304 - "http://www.riec.tohoku.ac.jp/gakunai/keijiban/kokai2011.html" "Mozilla/4.0 (compatible; MSIE 6.0; Windows NT 5.1; SV1; YTB720; .NET CLR 1.1.4322; .NET CLR 2.0.50727)"
192.168.57.153 - - [28/Sep/2011:09:51:42 +0900] "GET /gakunai/keijiban/kokai2011.html HTTP/1.1" 304 - "-" "Mozilla/4.0 (compatible; MSIE 6.0; Windows NT 5.1; SV1; YTB720; .NET CLR 1.1.4322; .NET CLR 2.0.50727)"
192.168.57.153 - - [28/Sep/2011:09:51:42 +0900] "GET /gakunai/keijiban/img/map_1.jpg HTTP/1.1" 304 - "http://www.riec.tohoku.ac.jp/gakunai/keijiban/kokai2011.html" "Mozilla/4.0 (compatible; MSIE 6.0; Windows NT 5.1; SV1; YTB720; .NET CLR 1.1.4322; .NET CLR 2.0.50727)"
130.34.193.25 - - [28/Sep/2011:09:51:51 +0900] "GET /activity/pr/topics2011/topics110921/index.html HTTP/1.0" 304 - "-" "Mozilla/4.0 (compatible; MSIE 6.0; Windows NT 5.1; SV1; YTB720; .NET CLR 1.1.4322; .NET CLR 2.0.50727)"
130.34.193.25 - - [28/Sep/2011:09:51:51 +0900] "GET /css/default.css HTTP/1.0" 304 - "http://www.riec.tohoku.ac.jp/activity/pr/topics2011/topics110921/index.html" "Mozilla/4.0 (compatible; MSIE 6.0; Windows NT 5.1; SV1; YTB720; .NET CLR 1.1.4322; .NET CLR 2.0.50727)"
130.34.193.25 - - [28/Sep/2011:09:51:51 +0900] "GET /css/layouttopics.css HTTP/1.0" 304 - "http://www.riec.tohoku.ac.jp/activity/pr/topics2011/topics110921/index.html" "Mozilla/4.0 (compatible; MSIE 6.0; Windows NT 5.1; SV1; YTB720; .NET CLR 1.1.4322; .NET CLR 2.0.50727)"
130.34.193.25 - - [28/Sep/2011:09:51:51 +0900] "GET /css/color.css HTTP/1.0" 304 - "http://www.riec.tohoku.ac.jp/activity/pr/topics2011/topics110921/index.html" "Mozilla/4.0 (compatible; MSIE 6.0; Windows NT 5.1; SV1; YTB720; .NET CLR 1.1.4322; .NET CLR 2.0.50727)"
130.34.193.25 - - [28/Sep/2011:09:51:51 +0900] "GET /image1/return.gif HTTP/1.0" 304 - "http://www.riec.tohoku.ac.jp/activity/pr/topics2011/topics110921/index.html" "Mozilla/4.0 (compatible; MSIE 6.0; Windows NT 5.1; SV1; YTB720; .NET CLR 1.1.4322; .NET CLR 2.0.50727)"
130.34.193.25 - - [28/Sep/2011:09:51:51 +0900] "GET /image1/mail.jpg HTTP/1.0" 304 - "http://www.riec.tohoku.ac.jp/activity/pr/topics2011/topics110921/index.html" "Mozilla/4.0 (compatible; MSIE 6.0; Windows NT 5.1; SV1; YTB720; .NET CLR 1.1.4322; .NET CLR 2.0.50727)"
130.34.193.25 - - [28/Sep/2011:09:51:51 +0900] "GET /image1/waterline1.gif HTTP/1.0" 304 - "http://www.riec.tohoku.ac.jp/activity/pr/topics2011/topics110921/index.html" "Mozilla/4.0 (compatible; MSIE 6.0; Windows NT 5.1; SV1; YTB720; .NET CLR 1.1.4322; .NET CLR 2.0.50727)"
130.34.193.25 - - [28/Sep/2011:09:51:52 +0900] "GET /activity/pr/topics2011/topics110921/index.html HTTP/1.0" 304 - "-" "Mozilla/4.0 (compatible; MSIE 6.0; Windows NT 5.1; SV1; YTB720; .NET CLR 1.1.4322; .NET CLR 2.0.50727)"
130.34.193.25 - - [28/Sep/2011:09:51:52 +0900] "GET /css/default.css HTTP/1.0" 304 - "http://www.riec.tohoku.ac.jp/activity/pr/topics2011/topics110921/index.html" "Mozilla/4.0 (compatible; MSIE 6.0; Windows NT 5.1; SV1; YTB720; .NET CLR 1.1.4322; .NET CLR 2.0.50727)"
130.34.193.25 - - [28/Sep/2011:09:51:52 +0900] "GET /css/color.css HTTP/1.0" 304 - "http://www.riec.tohoku.ac.jp/activity/pr/topics2011/topics110921/index.html" "Mozilla/4.0 (compatible; MSIE 6.0; Windows NT 5.1; SV1; YTB720; .NET CLR 1.1.4322; .NET CLR 2.0.50727)"
130.34.193.25 - - [28/Sep/2011:09:51:52 +0900] "GET /css/layouttopics.css HTTP/1.0" 304 - "http://www.riec.tohoku.ac.jp/activity/pr/topics2011/topics110921/index.html" "Mozilla/4.0 (compatible; MSIE 6.0; Windows NT 5.1; SV1; YTB720; .NET CLR 1.1.4322; .NET CLR 2.0.50727)"
130.34.193.25 - - [28/Sep/2011:09:51:52 +0900] "GET /image1/return.gif HTTP/1.0" 304 - "http://www.riec.tohoku.ac.jp/activity/pr/topics2011/topics110921/index.html" "Mozilla/4.0 (compatible; MSIE 6.0; Windows NT 5.1; SV1; YTB720; .NET CLR 1.1.4322; .NET CLR 2.0.50727)"
130.34.193.25 - - [28/Sep/2011:09:51:52 +0900] "GET /image1/mail.jpg HTTP/1.0" 304 - "http://www.riec.tohoku.ac.jp/activity/pr/topics2011/topics110921/index.html" "Mozilla/4.0 (compatible; MSIE 6.0; Windows NT 5.1; SV1; YTB720; .NET CLR 1.1.4322; .NET CLR 2.0.50727)"
130.34.193.25 - - [28/Sep/2011:09:51:52 +0900] "GET /image1/waterline1.gif HTTP/1.0" 304 - "http://www.riec.tohoku.ac.jp/activity/pr/topics2011/topics110921/index.html" "Mozilla/4.0 (compatible; MSIE 6.0; Windows NT 5.1; SV1; YTB720; .NET CLR 1.1.4322; .NET CLR 2.0.50727)"
172.16.100.76 - - [28/Sep/2011:09:52:07 +0900] "OPTIONS * HTTP/1.0" 200 - "-" "Apache/2.2.12 (Unix) mod_ssl/2.2.12 OpenSSL/0.9.8r DAV/2 PHP/5.2.9 Phusion_Passenger/2.2.15 (internal dummy connection)"
172.16.100.76 - - [28/Sep/2011:09:52:08 +0900] "OPTIONS * HTTP/1.0" 200 - "-" "Apache/2.2.12 (Unix) mod_ssl/2.2.12 OpenSSL/0.9.8r DAV/2 PHP/5.2.9 Phusion_Passenger/2.2.15 (internal dummy connection)"
130.34.209.30 - - [28/Sep/2011:09:52:21 +0900] "GET /~www/index-j.shtml HTTP/1.1" 404 372 "-" "Opera/9.80 (Windows NT 6.1; U; ja) Presto/2.9.168 Version/11.51"
209.85.238.162 - - [28/Sep/2011:09:52:21 +0900] "GET /activity/patent/kouhoupdf/JPA_2007094065.pdf HTTP/1.1" 200 101584 "-" "DoCoMo/2.0 N905i(c100;TB;W24H16) (compatible; Googlebot-Mobile/2.1; +http://www.google.com/bot.html)"
59.106.108.114 - - [28/Sep/2011:09:52:37 +0900] "HEAD /index-j.html HTTP/1.1" 301 - "-" "Hatena Antenna/0.5 (http://a.hatena.ne.jp/help)"
59.106.108.114 - - [28/Sep/2011:09:52:37 +0900] "HEAD / HTTP/1.1" 200 - "-" "Hatena Antenna/0.5 (http://a.hatena.ne.jp/help)"
59.106.108.114 - - [28/Sep/2011:09:52:38 +0900] "GET /index-j.html HTTP/1.1" 301 393 "-" "Hatena Antenna/0.5 (http://a.hatena.ne.jp/help)"
59.106.108.114 - - [28/Sep/2011:09:52:38 +0900] "GET / HTTP/1.1" 200 24019 "-" "Hatena Antenna/0.5 (http://a.hatena.ne.jp/help)"
192.168.57.151 - - [28/Sep/2011:09:52:41 +0900] "GET /gakunai/keijiban/base3.html HTTP/1.1" 304 - "-" "Mozilla/4.0 (compatible; MSIE 6.0; Windows NT 5.1; SV1; YTB720; .NET CLR 1.1.4322; .NET CLR 2.0.50727)"
192.168.57.151 - - [28/Sep/2011:09:52:41 +0900] "GET /gakunai/keijiban/img/bunya1_2010.jpg HTTP/1.1" 304 - "http://www.riec.tohoku.ac.jp/gakunai/keijiban/base3.html" "Mozilla/4.0 (compatible; MSIE 6.0; Windows NT 5.1; SV1; YTB720; .NET CLR 1.1.4322; .NET CLR 2.0.50727)"
192.168.57.151 - - [28/Sep/2011:09:52:41 +0900] "GET /gakunai/keijiban/img/bunya2_2010.jpg HTTP/1.1" 304 - "http://www.riec.tohoku.ac.jp/gakunai/keijiban/base3.html" "Mozilla/4.0 (compatible; MSIE 6.0; Windows NT 5.1; SV1; YTB720; .NET CLR 1.1.4322; .NET CLR 2.0.50727)"
192.168.57.151 - - [28/Sep/2011:09:52:41 +0900] "GET /gakunai/keijiban/haikei_2010.gif HTTP/1.1" 404 386 "http://www.riec.tohoku.ac.jp/gakunai/keijiban/base3.html" "Mozilla/4.0 (compatible; MSIE 6.0; Windows NT 5.1; SV1; YTB720; .NET CLR 1.1.4322; .NET CLR 2.0.50727)"
192.168.57.152 - - [28/Sep/2011:09:52:41 +0900] "GET /gakunai/keijiban/base3.html HTTP/1.1" 304 - "-" "Mozilla/4.0 (compatible; MSIE 6.0; Windows NT 5.1; SV1; YTB720; .NET CLR 1.1.4322; .NET CLR 2.0.50727)"
192.168.57.152 - - [28/Sep/2011:09:52:41 +0900] "GET /gakunai/keijiban/img/bunya1_2010.jpg HTTP/1.1" 304 - "http://www.riec.tohoku.ac.jp/gakunai/keijiban/base3.html" "Mozilla/4.0 (compatible; MSIE 6.0; Windows NT 5.1; SV1; YTB720; .NET CLR 1.1.4322; .NET CLR 2.0.50727)"
192.168.57.152 - - [28/Sep/2011:09:52:41 +0900] "GET /gakunai/keijiban/img/bunya2_2010.jpg HTTP/1.1" 304 - "http://www.riec.tohoku.ac.jp/gakunai/keijiban/base3.html" "Mozilla/4.0 (compatible; MSIE 6.0; Windows NT 5.1; SV1; YTB720; .NET CLR 1.1.4322; .NET CLR 2.0.50727)"
192.168.57.152 - - [28/Sep/2011:09:52:41 +0900] "GET /gakunai/keijiban/haikei_2010.gif HTTP/1.1" 404 386 "http://www.riec.tohoku.ac.jp/gakunai/keijiban/base3.html" "Mozilla/4.0 (compatible; MSIE 6.0; Windows NT 5.1; SV1; YTB720; .NET CLR 1.1.4322; .NET CLR 2.0.50727)"
192.168.57.153 - - [28/Sep/2011:09:52:42 +0900] "GET /gakunai/keijiban/base3.html HTTP/1.1" 304 - "-" "Mozilla/4.0 (compatible; MSIE 6.0; Windows NT 5.1; SV1; YTB720; .NET CLR 1.1.4322; .NET CLR 2.0.50727)"
192.168.57.153 - - [28/Sep/2011:09:52:42 +0900] "GET /gakunai/keijiban/img/bunya1_2010.jpg HTTP/1.1" 304 - "http://www.riec.tohoku.ac.jp/gakunai/keijiban/base3.html" "Mozilla/4.0 (compatible; MSIE 6.0; Windows NT 5.1; SV1; YTB720; .NET CLR 1.1.4322; .NET CLR 2.0.50727)"
192.168.57.153 - - [28/Sep/2011:09:52:42 +0900] "GET /gakunai/keijiban/haikei_2010.gif HTTP/1.1" 404 386 "http://www.riec.tohoku.ac.jp/gakunai/keijiban/base3.html" "Mozilla/4.0 (compatible; MSIE 6.0; Windows NT 5.1; SV1; YTB720; .NET CLR 1.1.4322; .NET CLR 2.0.50727)"
192.168.57.153 - - [28/Sep/2011:09:52:42 +0900] "GET /gakunai/keijiban/img/bunya2_2010.jpg HTTP/1.1" 304 - "http://www.riec.tohoku.ac.jp/gakunai/keijiban/base3.html" "Mozilla/4.0 (compatible; MSIE 6.0; Windows NT 5.1; SV1; YTB720; .NET CLR 1.1.4322; .NET CLR 2.0.50727)"
192.168.57.151 - - [28/Sep/2011:09:52:56 +0900] "GET /gakunai/keijiban/event.html HTTP/1.1" 304 - "-" "Mozilla/4.0 (compatible; MSIE 6.0; Windows NT 5.1; SV1; YTB720; .NET CLR 1.1.4322; .NET CLR 2.0.50727)"
192.168.57.152 - - [28/Sep/2011:09:52:56 +0900] "GET /gakunai/keijiban/event.html HTTP/1.1" 304 - "-" "Mozilla/4.0 (compatible; MSIE 6.0; Windows NT 5.1; SV1; YTB720; .NET CLR 1.1.4322; .NET CLR 2.0.50727)"
192.168.57.153 - - [28/Sep/2011:09:52:57 +0900] "GET /gakunai/keijiban/event.html HTTP/1.1" 304 - "-" "Mozilla/4.0 (compatible; MSIE 6.0; Windows NT 5.1; SV1; YTB720; .NET CLR 1.1.4322; .NET CLR 2.0.50727)"
67.195.114.234 - - [28/Sep/2011:09:53:04 +0900] "GET /lab/yoran-j/15.pdf HTTP/1.0" 404 372 "-" "Mozilla/5.0 (compatible; Yahoo! Slurp; http://help.yahoo.com/help/us/ysearch/slurp)"
192.168.57.151 - - [28/Sep/2011:09:53:11 +0900] "GET /gakunai/keijiban/bus.html HTTP/1.1" 304 - "-" "Mozilla/4.0 (compatible; MSIE 6.0; Windows NT 5.1; SV1; YTB720; .NET CLR 1.1.4322; .NET CLR 2.0.50727)"
192.168.57.151 - - [28/Sep/2011:09:53:11 +0900] "GET /gakunai/keijiban/img/bus6.jpg HTTP/1.1" 304 - "http://www.riec.tohoku.ac.jp/gakunai/keijiban/bus.html" "Mozilla/4.0 (compatible; MSIE 6.0; Windows NT 5.1; SV1; YTB720; .NET CLR 1.1.4322; .NET CLR 2.0.50727)"
192.168.57.151 - - [28/Sep/2011:09:53:11 +0900] "GET /gakunai/keijiban/img/bus.jpg HTTP/1.1" 304 - "http://www.riec.tohoku.ac.jp/gakunai/keijiban/bus.html" "Mozilla/4.0 (compatible; MSIE 6.0; Windows NT 5.1; SV1; YTB720; .NET CLR 1.1.4322; .NET CLR 2.0.50727)"
192.168.57.152 - - [28/Sep/2011:09:53:11 +0900] "GET /gakunai/keijiban/bus.html HTTP/1.1" 304 - "-" "Mozilla/4.0 (compatible; MSIE 6.0; Windows NT 5.1; SV1; YTB720; .NET CLR 1.1.4322; .NET CLR 2.0.50727)"
192.168.57.152 - - [28/Sep/2011:09:53:11 +0900] "GET /gakunai/keijiban/img/bus6.jpg HTTP/1.1" 304 - "http://www.riec.tohoku.ac.jp/gakunai/keijiban/bus.html" "Mozilla/4.0 (compatible; MSIE 6.0; Windows NT 5.1; SV1; YTB720; .NET CLR 1.1.4322; .NET CLR 2.0.50727)"
192.168.57.152 - - [28/Sep/2011:09:53:11 +0900] "GET /gakunai/keijiban/img/bus.jpg HTTP/1.1" 304 - "http://www.riec.tohoku.ac.jp/gakunai/keijiban/bus.html" "Mozilla/4.0 (compatible; MSIE 6.0; Windows NT 5.1; SV1; YTB720; .NET CLR 1.1.4322; .NET CLR 2.0.50727)"
192.168.57.153 - - [28/Sep/2011:09:53:12 +0900] "GET /gakunai/keijiban/bus.html HTTP/1.1" 304 - "-" "Mozilla/4.0 (compatible; MSIE 6.0; Windows NT 5.1; SV1; YTB720; .NET CLR 1.1.4322; .NET CLR 2.0.50727)"
192.168.57.153 - - [28/Sep/2011:09:53:12 +0900] "GET /gakunai/keijiban/img/bus6.jpg HTTP/1.1" 304 - "http://www.riec.tohoku.ac.jp/gakunai/keijiban/bus.html" "Mozilla/4.0 (compatible; MSIE 6.0; Windows NT 5.1; SV1; YTB720; .NET CLR 1.1.4322; .NET CLR 2.0.50727)"
192.168.57.153 - - [28/Sep/2011:09:53:12 +0900] "GET /gakunai/keijiban/img/bus.jpg HTTP/1.1" 304 - "http://www.riec.tohoku.ac.jp/gakunai/keijiban/bus.html" "Mozilla/4.0 (compatible; MSIE 6.0; Windows NT 5.1; SV1; YTB720; .NET CLR 1.1.4322; .NET CLR 2.0.50727)"
210.198.115.143 - - [28/Sep/2011:09:53:20 +0900] "GET / HTTP/1.0" 200 24019 "-" "Mozilla/5.0 (Windows NT 6.1; rv:6.0.2) Gecko/20100101 Firefox/6.0.2"
192.168.57.151 - - [28/Sep/2011:09:53:26 +0900] "GET /gakunai/keijiban/campusbus.html HTTP/1.1" 304 - "-" "Mozilla/4.0 (compatible; MSIE 6.0; Windows NT 5.1; SV1; YTB720; .NET CLR 1.1.4322; .NET CLR 2.0.50727)"
192.168.57.151 - - [28/Sep/2011:09:53:26 +0900] "GET /gakunai/keijiban/img/map20110905_20120330_1.gif HTTP/1.1" 304 - "http://www.riec.tohoku.ac.jp/gakunai/keijiban/campusbus.html" "Mozilla/4.0 (compatible; MSIE 6.0; Windows NT 5.1; SV1; YTB720; .NET CLR 1.1.4322; .NET CLR 2.0.50727)"
192.168.57.152 - - [28/Sep/2011:09:53:26 +0900] "GET /gakunai/keijiban/campusbus.html HTTP/1.1" 304 - "-" "Mozilla/4.0 (compatible; MSIE 6.0; Windows NT 5.1; SV1; YTB720; .NET CLR 1.1.4322; .NET CLR 2.0.50727)"
192.168.57.152 - - [28/Sep/2011:09:53:26 +0900] "GET /gakunai/keijiban/img/map20110905_20120330_1.gif HTTP/1.1" 304 - "http://www.riec.tohoku.ac.jp/gakunai/keijiban/campusbus.html" "Mozilla/4.0 (compatible; MSIE 6.0; Windows NT 5.1; SV1; YTB720; .NET CLR 1.1.4322; .NET CLR 2.0.50727)"
192.168.57.153 - - [28/Sep/2011:09:53:27 +0900] "GET /gakunai/keijiban/campusbus.html HTTP/1.1" 304 - "-" "Mozilla/4.0 (compatible; MSIE 6.0; Windows NT 5.1; SV1; YTB720; .NET CLR 1.1.4322; .NET CLR 2.0.50727)"
192.168.57.153 - - [28/Sep/2011:09:53:27 +0900] "GET /gakunai/keijiban/img/map20110905_20120330_1.gif HTTP/1.1" 304 - "http://www.riec.tohoku.ac.jp/gakunai/keijiban/campusbus.html" "Mozilla/4.0 (compatible; MSIE 6.0; Windows NT 5.1; SV1; YTB720; .NET CLR 1.1.4322; .NET CLR 2.0.50727)"
130.34.193.25 - - [28/Sep/2011:09:53:30 +0900] "GET /activity/pr/topics2011/topics110921/index.html HTTP/1.0" 304 - "-" "Mozilla/4.0 (compatible; MSIE 6.0; Windows NT 5.1; SV1; YTB720; .NET CLR 1.1.4322; .NET CLR 2.0.50727)"
130.34.193.25 - - [28/Sep/2011:09:53:30 +0900] "GET /css/default.css HTTP/1.0" 304 - "http://www.riec.tohoku.ac.jp/activity/pr/topics2011/topics110921/index.html" "Mozilla/4.0 (compatible; MSIE 6.0; Windows NT 5.1; SV1; YTB720; .NET CLR 1.1.4322; .NET CLR 2.0.50727)"
130.34.193.25 - - [28/Sep/2011:09:53:30 +0900] "GET /image1/return.gif HTTP/1.0" 304 - "http://www.riec.tohoku.ac.jp/activity/pr/topics2011/topics110921/index.html" "Mozilla/4.0 (compatible; MSIE 6.0; Windows NT 5.1; SV1; YTB720; .NET CLR 1.1.4322; .NET CLR 2.0.50727)"
130.34.193.25 - - [28/Sep/2011:09:53:30 +0900] "GET /css/color.css HTTP/1.0" 304 - "http://www.riec.tohoku.ac.jp/activity/pr/topics2011/topics110921/index.html" "Mozilla/4.0 (compatible; MSIE 6.0; Windows NT 5.1; SV1; YTB720; .NET CLR 1.1.4322; .NET CLR 2.0.50727)"
130.34.193.25 - - [28/Sep/2011:09:53:30 +0900] "GET /css/layouttopics.css HTTP/1.0" 304 - "http://www.riec.tohoku.ac.jp/activity/pr/topics2011/topics110921/index.html" "Mozilla/4.0 (compatible; MSIE 6.0; Windows NT 5.1; SV1; YTB720; .NET CLR 1.1.4322; .NET CLR 2.0.50727)"
130.34.193.25 - - [28/Sep/2011:09:53:30 +0900] "GET /image1/mail.jpg HTTP/1.0" 304 - "http://www.riec.tohoku.ac.jp/activity/pr/topics2011/topics110921/index.html" "Mozilla/4.0 (compatible; MSIE 6.0; Windows NT 5.1; SV1; YTB720; .NET CLR 1.1.4322; .NET CLR 2.0.50727)"
130.34.193.25 - - [28/Sep/2011:09:53:30 +0900] "GET /image1/waterline1.gif HTTP/1.0" 304 - "http://www.riec.tohoku.ac.jp/activity/pr/topics2011/topics110921/index.html" "Mozilla/4.0 (compatible; MSIE 6.0; Windows NT 5.1; SV1; YTB720; .NET CLR 1.1.4322; .NET CLR 2.0.50727)"
130.34.193.25 - - [28/Sep/2011:09:53:31 +0900] "GET /activity/pr/topics2011/topics110921/index.html HTTP/1.0" 304 - "-" "Mozilla/4.0 (compatible; MSIE 6.0; Windows NT 5.1; SV1; YTB720; .NET CLR 1.1.4322; .NET CLR 2.0.50727)"
130.34.193.25 - - [28/Sep/2011:09:53:31 +0900] "GET /css/default.css HTTP/1.0" 304 - "http://www.riec.tohoku.ac.jp/activity/pr/topics2011/topics110921/index.html" "Mozilla/4.0 (compatible; MSIE 6.0; Windows NT 5.1; SV1; YTB720; .NET CLR 1.1.4322; .NET CLR 2.0.50727)"
